<div
    class="mlbrgn-mle-component theme- image-editor-modal modal fade" title="My title"
    id="blog-images-iem-1"
    tabindex="-1"
    role="dialog"
            aria-labelledby="blog-images-iem-1-title"
        aria-hidden="true"
    data-theme=""
    data-image-editor-modal
    data-medium-display-name="test.jpg"
    data-medium-path="/media/1/test.jpg"
>
    <div class="image-editor-modal-dialog modal-dialog">
        <div class="image-editor-modal-content modal-content justify-content-center">
                            <h1 class="image-editor-modal-title visually-hidden" id="blog-images-iem-1-title">no title</h1>
                        <div class="image-editor-modal-body modal-body p-0">
                <button
                    type="button"
                    data-modal-close
                    class="image-editor-modal-close-button modal-close-button"
                    data-bs-dismiss="modal"
                    aria-label="Sluit"
                    title="Close">
                    <span 
        role="img" 
        aria-label="Close" 
        title="Close">❓</span>
                </button>
                <input type="hidden" class="image-editor-modal-config" data-image-editor-modal-config value='{"showDestroyButton":false,"showMediaEditButton":false,"showMenu":true,"showOrder":false,"showSetAsFirstButton":false,"showUploadForm":true,"temporaryUploadMode":false,"uploadFieldName":"medium","frontendTheme":null,"useXhr":true,"csrfToken":null,"initiatorId":"blog-images","id":"blog-images-iem-1","mediaManagerId":"blog-images","modelType":"Mlbrgn\\MediaLibraryExtensions\\Tests\\Models\\Blog","modelId":1,"mediumId":1,"collection":"image_collection","saveUpdatedMediumRoute":"http:\/\/localhost\/mlbrgn-mle\/media-manager\/1\/save-updated-medium","collections":{"image":"images"},"modelOrClassName":{"id":1,"title":"Test Model","created_at":"2025-10-18T18:18:02.000000Z","updated_at":"2025-10-18T18:18:02.000000Z","media":[{"id":1,"model_type":"Mlbrgn\\MediaLibraryExtensions\\Tests\\Models\\Blog","model_id":1,"uuid":"20f7f7bf-3c6f-4669-a61e-a28cf1e25470","collection_name":"image_collection","name":"test","file_name":"test.jpg","mime_type":"image\/jpeg","disk":"public","conversions_disk":"public","size":144,"manipulations":[],"custom_properties":[],"generated_conversions":[],"responsive_images":[],"order_column":null,"created_at":"2025-10-18T18:18:02.000000Z","updated_at":"2025-10-18T18:18:02.000000Z","original_url":"\/media\/1\/test.jpg","preview_url":""},{"id":2,"model_type":"Mlbrgn\\MediaLibraryExtensions\\Tests\\Models\\Blog","model_id":1,"uuid":"91c7eaa8-e070-46e8-9332-7700233f992f","collection_name":"image_collection","name":"test2","file_name":"test2.jpg","mime_type":"image\/jpeg","disk":"public","conversions_disk":"public","size":163490,"manipulations":[],"custom_properties":[],"generated_conversions":[],"responsive_images":[],"order_column":null,"created_at":"2025-10-18T18:18:02.000000Z","updated_at":"2025-10-18T18:18:02.000000Z","original_url":"\/media\/2\/test2.jpg","preview_url":""},{"id":3,"model_type":"Mlbrgn\\MediaLibraryExtensions\\Tests\\Models\\Blog","model_id":1,"uuid":"e2fbe838-ac21-45a1-94fe-4f1466a23520","collection_name":"image_collection","name":"test3","file_name":"test3.jpg","mime_type":"image\/jpeg","disk":"public","conversions_disk":"public","size":163490,"manipulations":[],"custom_properties":[],"generated_conversions":[],"responsive_images":[],"order_column":null,"created_at":"2025-10-18T18:18:02.000000Z","updated_at":"2025-10-18T18:18:02.000000Z","original_url":"\/media\/3\/test3.jpg","preview_url":""}]},"medium":{"id":1,"model_type":"Mlbrgn\\MediaLibraryExtensions\\Tests\\Models\\Blog","model_id":1,"uuid":"20f7f7bf-3c6f-4669-a61e-a28cf1e25470","collection_name":"image_collection","name":"test","file_name":"test.jpg","mime_type":"image\/jpeg","disk":"public","conversions_disk":"public","size":144,"manipulations":[],"custom_properties":[],"generated_conversions":[],"responsive_images":[],"order_column":null,"created_at":"2025-10-18T18:18:02.000000Z","updated_at":"2025-10-18T18:18:02.000000Z","original_url":"\/media\/1\/test.jpg","preview_url":""},"disabled":false,"model":{"id":1,"title":"Test Model","created_at":"2025-10-18T18:18:02.000000Z","updated_at":"2025-10-18T18:18:02.000000Z","media":[{"id":1,"model_type":"Mlbrgn\\MediaLibraryExtensions\\Tests\\Models\\Blog","model_id":1,"uuid":"20f7f7bf-3c6f-4669-a61e-a28cf1e25470","collection_name":"image_collection","name":"test","file_name":"test.jpg","mime_type":"image\/jpeg","disk":"public","conversions_disk":"public","size":144,"manipulations":[],"custom_properties":[],"generated_conversions":[],"responsive_images":[],"order_column":null,"created_at":"2025-10-18T18:18:02.000000Z","updated_at":"2025-10-18T18:18:02.000000Z","original_url":"\/media\/1\/test.jpg","preview_url":""},{"id":2,"model_type":"Mlbrgn\\MediaLibraryExtensions\\Tests\\Models\\Blog","model_id":1,"uuid":"91c7eaa8-e070-46e8-9332-7700233f992f","collection_name":"image_collection","name":"test2","file_name":"test2.jpg","mime_type":"image\/jpeg","disk":"public","conversions_disk":"public","size":163490,"manipulations":[],"custom_properties":[],"generated_conversions":[],"responsive_images":[],"order_column":null,"created_at":"2025-10-18T18:18:02.000000Z","updated_at":"2025-10-18T18:18:02.000000Z","original_url":"\/media\/2\/test2.jpg","preview_url":""},{"id":3,"model_type":"Mlbrgn\\MediaLibraryExtensions\\Tests\\Models\\Blog","model_id":1,"uuid":"e2fbe838-ac21-45a1-94fe-4f1466a23520","collection_name":"image_collection","name":"test3","file_name":"test3.jpg","mime_type":"image\/jpeg","disk":"public","conversions_disk":"public","size":163490,"manipulations":[],"custom_properties":[],"generated_conversions":[],"responsive_images":[],"order_column":null,"created_at":"2025-10-18T18:18:02.000000Z","updated_at":"2025-10-18T18:18:02.000000Z","original_url":"\/media\/3\/test3.jpg","preview_url":""}]},"options":[]}' >
                 
                <div class="image-editor" data-image-editor-placeholder></div>

                <!-- used as fallback when not using XHR -->
<div class="conditional-form mle-image-editor-form" data-xhr-form="data-xhr-form" id="blog-images-iem-1-ie-update-form" data-xhr-method="post">
        <input type="hidden"
           name="medium_id"
           value="1">
    <input type="hidden"
           name="model_type"
           value="Mlbrgn\MediaLibraryExtensions\Tests\Models\Blog">
    <input type="hidden"
           name="model_id"
           value="1">
    <input type="hidden"
           name="initiator_id"
           value="blog-images-iem-1-ie-update-form">
    <input type="hidden"
           name="media_manager_id"
           value="blog-images">
    <input type="hidden"
           name="temporary_upload_mode"
           value="false">
    <input type="hidden"
           name="collection"
           value="image_collection">
    <input type="file"
           name="file"
           hidden>
                        <input
                type="hidden"
                name="collections[image]"
                value="images">
                <button
        type="button"
        class="mle-button mle-button-submit mle-button-icon btn btn-primary"
        title="Setup as main."
        data-action="set-as-first"
            >
        <span 
        role="img" 
        aria-label="Setup as main." 
        title="Setup as main.">❓</span>
    </button>
    </div>
    <link rel="stylesheet" href="http://localhost/vendor/mlbrgn/media-library-extensions/app-bootstrap-5.css">

    
            <script type="module" src="http://localhost/vendor/mlbrgn/media-library-extensions/app-bootstrap-5.js"></script>
                <script>
            window.mediaLibraryTranslations = {"csrf_token_mismatch":"Your session has expired. Please refresh the page to login again.","unauthenticated":"Please log in to continue.","forbidden":"You\u2019re not allowed to perform this action.","not_found":"We couldn\u2019t find what you were looking for.","validation_failed":"Please check the form for errors.","too_many_requests":"You\u2019re sending requests too quickly. Try again in a moment.","server_error":"Something went wrong. Please try again later.","unknown_error":"Unknown error.","medium_replaced":"Medium replaced.","medium_replacement_failed":"Medium replacement failed."};
        </script>
    

            <script type="module" src="http://localhost/vendor/mlbrgn/media-library-extensions/form-submitter.js"></script>
    


            </div>
        </div>
    </div>
</div>
<script type="module" src="http://localhost/vendor/mlbrgn/media-library-extensions/image-editor.js"></script>
    



