<div id="media-carousel-crs"
     class="mlbrgn-mle-component theme-bootstrap-5 media-carousel media-carousel-empty carousel slide mle-width-100 mle-height-100"
    >
    
    <div 
        class="media-carousel-indicators carousel-indicators mle-display-none"
    >
            </div>

    
    <div class="media-carousel-inner carousel-inner">
                    <div class="media-carousel-item active">
                <div class="media-carousel-item-container">
                    <span class="mle-no-media">No media.</span>
                </div>
            </div>
            </div>

    
    <button
        class="media-carousel-control-prev carousel-control-prev disabled"
        type="button" 
        data-bs-target="#media-carousel-crs" 
        data-bs-slide="prev" 
        title="Previous">
        <span class="carousel-control-prev-icon" aria-hidden="true">
              <span 
        role="img" 
        aria-label="Previous" 
        title="Previous">❓</span>
        </span>
        <span class="visually-hidden">Previous</span>
    </button>
    <button
        class="media-carousel-control-next carousel-control-next disabled"
        type="button" 
        data-bs-target="#media-carousel-crs" 
        data-bs-slide="next" 
        title="Next">
        <span class="carousel-control-next-icon" aria-hidden="true">
               <span 
        role="img" 
        aria-label="Next" 
        title="Next">❓</span>
        </span>
        <span class="visually-hidden">Next</span>
    </button>
</div>
    <div
    class="mlbrgn-mle-component theme-bootstrap-5 media-modal modal fade"
    id="media-carousel-crs-mod"
    tabindex="-1"
    role="dialog"
            aria-labelledby="media-carousel-crs-mod-title"
        aria-hidden="true"
            data-autoplay=""
    >
    <div class="media-modal-dialog modal-dialog">
        <div class="media-modal-content modal-content justify-content-center">
                            <h1 class="media-modal-title visually-hidden" id="media-carousel-crs-mod-title">Media carousel</h1>
                        <div class="media-modal-body modal-body p-0">
                <button
                    type="button"
                    data-modal-close
                    class="media-modal-close-button modal-close-button"
                    data-bs-dismiss="modal"
                    aria-label="Sluit"
                    title="Close">
                    <span 
        role="img" 
        aria-label="Close" 
        title="Close">❓</span>
                </button>
               
                
                <div id="media-carousel-crs-mod-crs"
     class="mlbrgn-mle-component theme-bootstrap-5 media-carousel media-carousel-empty carousel slide mle-width-100 mle-height-100 mle-width-100 mle-height-100"
    >
    
    <div 
        class="media-carousel-indicators carousel-indicators mle-display-none"
    >
            </div>

    
    <div class="media-carousel-inner carousel-inner">
                    <div class="media-carousel-item active">
                <div class="media-carousel-item-container">
                    <span class="mle-no-media">No media.</span>
                </div>
            </div>
            </div>

    
    <button
        class="media-carousel-control-prev carousel-control-prev disabled"
        type="button" 
        data-bs-target="#media-carousel-crs-mod-crs" 
        data-bs-slide="prev" 
        title="Previous">
        <span class="carousel-control-prev-icon" aria-hidden="true">
              <span 
        role="img" 
        aria-label="Previous" 
        title="Previous">❓</span>
        </span>
        <span class="visually-hidden">Previous</span>
    </button>
    <button
        class="media-carousel-control-next carousel-control-next disabled"
        type="button" 
        data-bs-target="#media-carousel-crs-mod-crs" 
        data-bs-slide="next" 
        title="Next">
        <span class="carousel-control-next-icon" aria-hidden="true">
               <span 
        role="img" 
        aria-label="Next" 
        title="Next">❓</span>
        </span>
        <span class="visually-hidden">Next</span>
    </button>
</div>
<script>
            if (!document.getElementById('mlbrgn-css-bootstrap-5')) {
                const link = document.createElement('link');
                link.id = 'mlbrgn-css-bootstrap-5';
                link.rel = 'stylesheet';
                link.href = "http://localhost/vendor/mlbrgn/media-library-extensions/app-bootstrap-5.css";
                document.head.appendChild(link);
                console.log('CSS dynamically loaded');
            }
        </script>


        <noscript>
            <link rel="stylesheet" href="http://localhost/vendor/mlbrgn/media-library-extensions/app-bootstrap-5.css">
            <div style="color:red;">
                JavaScript is disabled. Some features may not work.
            </div>
        </noscript>
    


            <script type="module">
            if (!window.mlbrgnJsLoaded) {
                const script = document.createElement('script');
                script.type = 'module';
                script.src = "http://localhost/vendor/mlbrgn/media-library-extensions/app-bootstrap-5.js";
                document.head.appendChild(script);
                window.mlbrgnJsLoaded = true;

                window.mediaLibraryTranslations = {"csrf_token_mismatch":"Your session has expired. Please refresh the page to login again.","unauthenticated":"Please log in to continue.","forbidden":"You\u2019re not allowed to perform this action.","not_found":"We couldn\u2019t find what you were looking for.","validation_failed":"Please check the form for errors.","too_many_requests":"You\u2019re sending requests too quickly. Try again in a moment.","server_error":"Something went wrong. Please try again later.","unknown_error":"Unknown error.","medium_replaced":"Medium replaced.","medium_replacement_failed":"Medium replacement failed.","upload_failed":"Upload failed."};

                console.log('Main JS dynamically loaded');
            }
        </script>
    




















            <script type="module">
            document.addEventListener('DOMContentLoaded', function() {
                if (!window.YT) {
                    const tag = document.createElement('script');
                    tag.src = "https://www.youtube.com/iframe_api";
                    document.head.appendChild(tag);
                }

                if (!customElements.get('lite-youtube')) {
                    console.log('no lite-youtube, loading');
                    const script = document.createElement('script');
                    script.src = "http://localhost/vendor/mlbrgn/media-library-extensions/lite-youtube.js";
                    document.head.appendChild(script);
                } else {
                    console.log('lite-youtube already present');
                }
            });
        </script>
    

            </div>
        </div>
    </div>
</div>
<script type="module">
        if (!window.mleMediaModalJs) {
            const script = document.createElement('script');
            script.type = 'module';
            script.src = "http://localhost/vendor/mlbrgn/media-library-extensions/bs5-modal-media.js";
            document.head.appendChild(script);
            window.mleMediaModalJs = true;

            console.log('mleMediaModalJs');
        }
    </script>












