<div class="mlbrgn-mle-component media-manager-preview-media-container media-manager-no-media">
        <span class="mle-no-media">No media.</span>
    </div>
<div
    class="mlbrgn-mle-component theme-bootstrap-5 media-modal modal fade"
    id="test-media-modal-mod"
    tabindex="-1"
    role="dialog"
            aria-labelledby="test-media-modal-mod-title"
        aria-hidden="true"
            data-autoplay=""
    >
    <div class="media-modal-dialog modal-dialog">
        <div class="media-modal-content modal-content justify-content-center">
                            <h1 class="media-modal-title visually-hidden" id="test-media-modal-mod-title">Media carousel</h1>
                        <div class="media-modal-body modal-body p-0">
                <button
                    type="button"
                    data-modal-close
                    class="media-modal-close-button modal-close-button"
                    data-bs-dismiss="modal"
                    aria-label="Sluit"
                    title="Close">
                    <span 
        role="img" 
        aria-label="Close" 
        title="Close">❓</span>
                </button>
               
                
                <div id="test-media-modal-mod-crs"
     class="mlbrgn-mle-component theme-bootstrap-5 media-carousel media-carousel-empty carousel slide mle-width-100 mle-height-100 mle-width-100 mle-height-100"
    >
    
    <div 
        class="media-carousel-indicators carousel-indicators mle-display-none"
    >
            </div>

    
    <div class="media-carousel-inner carousel-inner">
                    <div class="media-carousel-item active">
                <div class="media-carousel-item-container">
                    <span class="mle-no-media">No media.</span>
                </div>
            </div>
            </div>

    
    <button
        class="media-carousel-control-prev carousel-control-prev disabled"
        type="button" 
        data-bs-target="#test-media-modal-mod-crs" 
        data-bs-slide="prev" 
        title="Previous">
        <span class="carousel-control-prev-icon" aria-hidden="true">
              <span 
        role="img" 
        aria-label="Previous" 
        title="Previous">❓</span>
        </span>
        <span class="visually-hidden">Previous</span>
    </button>
    <button
        class="media-carousel-control-next carousel-control-next disabled"
        type="button" 
        data-bs-target="#test-media-modal-mod-crs" 
        data-bs-slide="next" 
        title="Next">
        <span class="carousel-control-next-icon" aria-hidden="true">
               <span 
        role="img" 
        aria-label="Next" 
        title="Next">❓</span>
        </span>
        <span class="visually-hidden">Next</span>
    </button>
</div>
<link rel="stylesheet" href="http://localhost/vendor/media-library-extensions/app-bootstrap-5.css">
    
            <script type="module" src="http://localhost/vendor/media-library-extensions/app-bootstrap-5.js"></script>
                <script>
            window.mediaLibraryTranslations = {"csrf_token_mismatch":"Your session has expired. Please refresh the page to login again.","unauthenticated":"Please log in to continue.","forbidden":"You\u2019re not allowed to perform this action.","not_found":"We couldn\u2019t find what you were looking for.","validation_failed":"Please check the form for errors.","too_many_requests":"You\u2019re sending requests too quickly. Try again in a moment.","server_error":"Something went wrong. Please try again later.","unknown_error":"Unknown error.","medium_replaced":"Medium replaced.","medium_replacement_failed":"Medium replacement failed."};
        </script>
    


            <script type="module">
            // Loading the "lite-youtube" extension caused issues with the host app,
            // now waiting for dom to be loaded and only
            // loading YT iframe api and "lite-youtube" when not loaded
            // already (by host app)
            document.addEventListener('DOMContentLoaded', function() {
                if (!window.YT) {
                    const tag = document.createElement('script');
                    tag.src = "https://www.youtube.com/iframe_api";
                    document.head.appendChild(tag);
                }

                if (!customElements.get('lite-youtube')) {
                    console.log('no lite-youtube, loading');
                    const script = document.createElement('script');
                    script.src = "http://localhost/vendor/media-library-extensions/lite-youtube.js";
                    document.head.appendChild(script);
                } else {
                    console.log('lite-youtube already present');
                }
            })
        </script>
    

            </div>
        </div>
    </div>
</div>

