<div
    id="test-media-modal-mms"
    class="mlbrgn-mle-component theme-bootstrap-5 media-manager media-manager-single" multiple="false"
    data-media-manager=""
    data-use-xhr="true"
>
    <input type="hidden" class="media-manager-config" data-media-manager-config value='{"showDestroyButton":true,"showMediaEditButton":true,"showMenu":true,"showOrder":false,"showSetAsFirstButton":false,"showUploadForm":true,"showYouTubeUploadForm":false,"showUploadForms":true,"temporaryUploadMode":false,"uploadFieldName":"medium","frontendTheme":"bootstrap-5","useXhr":true,"csrfToken":null,"modelOrClassName":{"id":1,"title":"Test Model","created_at":null,"updated_at":null,"media":[{"id":1,"model_type":"Mlbrgn\\MediaLibraryExtensions\\Tests\\Models\\Blog","model_id":1,"uuid":"00000000-0000-4000-8000-000000000001","collection_name":"image_collection","name":"test","file_name":"test.jpg","mime_type":"image\/jpeg","disk":"public","conversions_disk":"public","size":144,"manipulations":[],"custom_properties":[],"generated_conversions":[],"responsive_images":[],"order_column":null,"created_at":"2025-01-01T00:00:00.000000Z","updated_at":"2025-01-01T00:00:00.000000Z","original_url":"\/media\/1\/test.jpg","preview_url":""},{"id":2,"model_type":"Mlbrgn\\MediaLibraryExtensions\\Tests\\Models\\Blog","model_id":1,"uuid":"00000000-0000-4000-8000-000000000002","collection_name":"image_collection","name":"test2","file_name":"test2.jpg","mime_type":"image\/jpeg","disk":"public","conversions_disk":"public","size":163490,"manipulations":[],"custom_properties":[],"generated_conversions":[],"responsive_images":[],"order_column":null,"created_at":"2025-01-01T00:00:00.000000Z","updated_at":"2025-01-01T00:00:00.000000Z","original_url":"\/media\/2\/test2.jpg","preview_url":""},{"id":3,"model_type":"Mlbrgn\\MediaLibraryExtensions\\Tests\\Models\\Blog","model_id":1,"uuid":"00000000-0000-4000-8000-000000000003","collection_name":"document_collection","name":"test","file_name":"test.pdf","mime_type":"application\/pdf","disk":"public","conversions_disk":"public","size":1404,"manipulations":[],"custom_properties":[],"generated_conversions":[],"responsive_images":[],"order_column":null,"created_at":"2025-01-01T00:00:00.000000Z","updated_at":"2025-01-01T00:00:00.000000Z","original_url":"\/media\/3\/test.pdf","preview_url":""},{"id":4,"model_type":"Mlbrgn\\MediaLibraryExtensions\\Tests\\Models\\Blog","model_id":1,"uuid":"00000000-0000-4000-8000-000000000004","collection_name":"audio_collection","name":"test","file_name":"test.mp3","mime_type":"audio\/mpeg","disk":"public","conversions_disk":"public","size":26799,"manipulations":[],"custom_properties":[],"generated_conversions":[],"responsive_images":[],"order_column":null,"created_at":"2025-01-01T00:00:00.000000Z","updated_at":"2025-01-01T00:00:00.000000Z","original_url":"\/media\/4\/test.mp3","preview_url":""},{"id":5,"model_type":"Mlbrgn\\MediaLibraryExtensions\\Tests\\Models\\Blog","model_id":1,"uuid":"00000000-0000-4000-8000-000000000005","collection_name":"video_collection","name":"test","file_name":"test.mp4","mime_type":"video\/mp4","disk":"public","conversions_disk":"public","size":991017,"manipulations":[],"custom_properties":[],"generated_conversions":[],"responsive_images":[],"order_column":null,"created_at":"2025-01-01T00:00:00.000000Z","updated_at":"2025-01-01T00:00:00.000000Z","original_url":"\/media\/5\/test.mp4","preview_url":""}]},"singleMedium":null,"collections":{"image":"images","documents":"documents"},"multiple":false,"disabled":false,"readonly":false,"selectable":false,"mediaUploadRoute":"http:\/\/localhost\/mlbrgn-mle\/media-manager-upload-single","previewUpdateRoute":"http:\/\/localhost\/mlbrgn-mle\/media-manager-preview-update","youtubeUploadRoute":"http:\/\/localhost\/mlbrgn-mle\/media-manager-upload-youtube","model":{"id":1,"title":"Test Model","created_at":null,"updated_at":null,"media":[{"id":1,"model_type":"Mlbrgn\\MediaLibraryExtensions\\Tests\\Models\\Blog","model_id":1,"uuid":"00000000-0000-4000-8000-000000000001","collection_name":"image_collection","name":"test","file_name":"test.jpg","mime_type":"image\/jpeg","disk":"public","conversions_disk":"public","size":144,"manipulations":[],"custom_properties":[],"generated_conversions":[],"responsive_images":[],"order_column":null,"created_at":"2025-01-01T00:00:00.000000Z","updated_at":"2025-01-01T00:00:00.000000Z","original_url":"\/media\/1\/test.jpg","preview_url":""},{"id":2,"model_type":"Mlbrgn\\MediaLibraryExtensions\\Tests\\Models\\Blog","model_id":1,"uuid":"00000000-0000-4000-8000-000000000002","collection_name":"image_collection","name":"test2","file_name":"test2.jpg","mime_type":"image\/jpeg","disk":"public","conversions_disk":"public","size":163490,"manipulations":[],"custom_properties":[],"generated_conversions":[],"responsive_images":[],"order_column":null,"created_at":"2025-01-01T00:00:00.000000Z","updated_at":"2025-01-01T00:00:00.000000Z","original_url":"\/media\/2\/test2.jpg","preview_url":""},{"id":3,"model_type":"Mlbrgn\\MediaLibraryExtensions\\Tests\\Models\\Blog","model_id":1,"uuid":"00000000-0000-4000-8000-000000000003","collection_name":"document_collection","name":"test","file_name":"test.pdf","mime_type":"application\/pdf","disk":"public","conversions_disk":"public","size":1404,"manipulations":[],"custom_properties":[],"generated_conversions":[],"responsive_images":[],"order_column":null,"created_at":"2025-01-01T00:00:00.000000Z","updated_at":"2025-01-01T00:00:00.000000Z","original_url":"\/media\/3\/test.pdf","preview_url":""},{"id":4,"model_type":"Mlbrgn\\MediaLibraryExtensions\\Tests\\Models\\Blog","model_id":1,"uuid":"00000000-0000-4000-8000-000000000004","collection_name":"audio_collection","name":"test","file_name":"test.mp3","mime_type":"audio\/mpeg","disk":"public","conversions_disk":"public","size":26799,"manipulations":[],"custom_properties":[],"generated_conversions":[],"responsive_images":[],"order_column":null,"created_at":"2025-01-01T00:00:00.000000Z","updated_at":"2025-01-01T00:00:00.000000Z","original_url":"\/media\/4\/test.mp3","preview_url":""},{"id":5,"model_type":"Mlbrgn\\MediaLibraryExtensions\\Tests\\Models\\Blog","model_id":1,"uuid":"00000000-0000-4000-8000-000000000005","collection_name":"video_collection","name":"test","file_name":"test.mp4","mime_type":"video\/mp4","disk":"public","conversions_disk":"public","size":991017,"manipulations":[],"custom_properties":[],"generated_conversions":[],"responsive_images":[],"order_column":null,"created_at":"2025-01-01T00:00:00.000000Z","updated_at":"2025-01-01T00:00:00.000000Z","original_url":"\/media\/5\/test.mp4","preview_url":""}]},"modelType":"Mlbrgn\\MediaLibraryExtensions\\Tests\\Models\\Blog","modelId":1,"options":{"frontendTheme":"bootstrap-5","showOrder":false,"showSetAsFirstButton":false,"showYouTubeUploadForm":false,"uploadFieldName":"medium","disableForm":false},"id":"test-media-modal-mms","disableForm":false}'>

    

    <div class="media-manager-layout" data-media-manager-layout>

        <div class="media-manager-form ">
                            
                                    <div class="conditional-form media-manager-upload-form" data-xhr-form="data-xhr-form" id="test-media-modal-mms-media-upload-form" data-xhr-method="post">
        <label for="test-media-modal-mms-media-input" class="mle-label form-label">Bestanden</label>
    <input
        id="test-media-modal-mms-media-input"
        accept="image/jpeg, image/png, image/gif, image/bmp, image/webp, image/heic, image/avif"
        type="file"
        class="mle-input form-control"
                    name="medium"
                        >
    <span class="mle-form-text form-text">Supported file formats: JPEG, PNG, GIF, BMP, WebP, HEIC, AVIF.</span>
                        <input
                type="hidden"
                name="collections[image]"
                value="images">
                                <input
                type="hidden"
                name="collections[documents]"
                value="documents">
            
    <input
        type="hidden"
        name="single_medium_id"
        value="">
    <input 
        type="hidden" 
        name="temporary_upload_mode" 
        value="false">
    <input
        type="hidden"
        name="model_type"
        value="Mlbrgn\MediaLibraryExtensions\Tests\Models\Blog">
    <input
        type="hidden"
        name="model_id"
        value="1">
    <input
        type="hidden"
        name="initiator_id"
        value="test-media-modal-mms">
    <input 
        type="hidden"
        name="media_manager_id"
        value="test-media-modal-mms">
    <button
        type="button"
        class="mle-button mle-button-submit btn btn-primary d-block"
        data-action="upload-media"
            >
        Upload medium
    </button>
    </div>
    <script>
            if (!document.getElementById('mlbrgn-css-bootstrap-5')) {
                const link = document.createElement('link');
                link.id = 'mlbrgn-css-bootstrap-5';
                link.rel = 'stylesheet';
                link.href = "http://localhost/vendor/mlbrgn/media-library-extensions/app-bootstrap-5.css";
                document.head.appendChild(link);
                console.log('CSS dynamically loaded');
            }
        </script>

        
        <noscript>
            <link rel="stylesheet" href="http://localhost/vendor/mlbrgn/media-library-extensions/app-bootstrap-5.css">
            <div style="color:red;">
                JavaScript is disabled. Some features may not work.
            </div>
        </noscript>
    


            <script type="module">
            if (!window.mlbrgnJsLoaded) {
                const script = document.createElement('script');
                script.type = 'module';
                script.src = "http://localhost/vendor/mlbrgn/media-library-extensions/app-bootstrap-5.js";
                document.head.appendChild(script);
                window.mlbrgnJsLoaded = true;

                window.mediaLibraryTranslations = {"csrf_token_mismatch":"Your session has expired. Please refresh the page to login again.","unauthenticated":"Please log in to continue.","forbidden":"You\u2019re not allowed to perform this action.","not_found":"We couldn\u2019t find what you were looking for.","validation_failed":"Please check the form for errors.","too_many_requests":"You\u2019re sending requests too quickly. Try again in a moment.","server_error":"Something went wrong. Please try again later.","unknown_error":"Unknown error.","medium_replaced":"Medium replaced.","medium_replacement_failed":"Medium replacement failed."};

                console.log('Main JS dynamically loaded');
            }
        </script>
    

















    <script type="module">
        if (!window.mleFormSubmitterJs) {
            const script = document.createElement('script');
            script.type = 'module';
            script.src = "http://localhost/vendor/mlbrgn/media-library-extensions/form-submitter.js";
            document.head.appendChild(script);
            window.mleFormSubmitterJs = true;

            console.log('mleFormSubmitterJs');
        }
    </script>
























































































































































































































                
                                        
        </div>


        <div class="media-manager-previews">
            <div class="status-area">
    <div class="mle-spinner-container alert alert-info" media-manager-id="test-media-modal-mms" data-spinner-container>
    <div class="mle-spinner"></div>
    <span class="mle-spinner-text">Please wait.</span>
</div>
    <div 
    class="status-container mle-flex-grow visible" 
    data-status-container 
    data-status-timeout="4000"
>
    <div class="mle-status-message alert alert-dismissible"
        data-status-message
        data-base-classes="mle-status-message alert alert-dismissible visible"
        data-success-classes="alert-success"
        data-error-classes="alert-danger"
    >
            </div>
    </div>
</div>
            <div class="media-manager-preview-grid" data-media-manager-preview-grid>
                                <div class="mlbrgn-mle-component media-manager-preview-container media-manager-no-media"
     data-media-manager-preview-container>
    <span class="mle-no-media">
        No media.
    </span>
</div>

<div
    class="mlbrgn-mle-component theme-bootstrap-5 media-modal modal fade"
    id="test-media-modal-mms-mod"
    tabindex="-1"
    role="dialog"
            aria-labelledby="test-media-modal-mms-mod-title"
        aria-hidden="true"
            data-autoplay=""
    >
    <div class="media-modal-dialog modal-dialog">
        <div class="media-modal-content modal-content justify-content-center">
                            <h1 class="media-modal-title visually-hidden" id="test-media-modal-mms-mod-title">Media carousel</h1>
                        <div class="media-modal-body modal-body p-0">
                <button
                    type="button"
                    data-modal-close
                    class="media-modal-close-button modal-close-button"
                    data-bs-dismiss="modal"
                    aria-label="Sluit"
                    title="Close">
                    <span 
        role="img" 
        aria-label="Close" 
        title="Close">❓</span>
                </button>
               
                
                <div id="test-media-modal-mms-mod-crs"
     class="mlbrgn-mle-component theme-bootstrap-5 media-carousel media-carousel-empty carousel slide mle-width-100 mle-height-100 mle-width-100 mle-height-100"
    >
    
    <div 
        class="media-carousel-indicators carousel-indicators mle-display-none"
    >
            </div>

    
    <div class="media-carousel-inner carousel-inner">
                    <div class="media-carousel-item active">
                <div class="media-carousel-item-container">
                    <span class="mle-no-media">No media.</span>
                </div>
            </div>
            </div>

    
    <button
        class="media-carousel-control-prev carousel-control-prev disabled"
        type="button" 
        data-bs-target="#test-media-modal-mms-mod-crs" 
        data-bs-slide="prev" 
        title="Previous">
        <span class="carousel-control-prev-icon" aria-hidden="true">
              <span 
        role="img" 
        aria-label="Previous" 
        title="Previous">❓</span>
        </span>
        <span class="visually-hidden">Previous</span>
    </button>
    <button
        class="media-carousel-control-next carousel-control-next disabled"
        type="button" 
        data-bs-target="#test-media-modal-mms-mod-crs" 
        data-bs-slide="next" 
        title="Next">
        <span class="carousel-control-next-icon" aria-hidden="true">
               <span 
        role="img" 
        aria-label="Next" 
        title="Next">❓</span>
        </span>
        <span class="visually-hidden">Next</span>
    </button>
</div>
<script type="module">
            document.addEventListener('DOMContentLoaded', function() {
                if (!window.YT) {
                    const tag = document.createElement('script');
                    tag.src = "https://www.youtube.com/iframe_api";
                    document.head.appendChild(tag);
                }

                if (!customElements.get('lite-youtube')) {
                    console.log('no lite-youtube, loading');
                    const script = document.createElement('script');
                    script.src = "http://localhost/vendor/mlbrgn/media-library-extensions/lite-youtube.js";
                    document.head.appendChild(script);
                } else {
                    console.log('lite-youtube already present');
                }
            });
        </script>
    




















































































































































































































            </div>
        </div>
    </div>
</div>
<script type="module">
        if (!window.mleMediaModalJs) {
            const script = document.createElement('script');
            script.type = 'module';
            script.src = "http://localhost/vendor/mlbrgn/media-library-extensions/bs5-modal-media.js";
            document.head.appendChild(script);
            window.mleMediaModalJs = true;

            console.log('mleMediaModalJs');
        }
    </script>



















































































































































































































































































































































































































































            </div>
        </div>
    </div>

    

    </div>

