<img
        class=""
        src="/media/1/test.jpg"
                        alt="Sample image"
                data-mle-image
    >
