<div class="mle-audio" id="test-audio">
    <div class="mle-audio-preview">
        <div class="mle-audio-info">
            <p>
                temp.jpg
            </p>
        </div>
        <audio id="mle-audio-1" controls data-mle-audio>
            <source src="/storage/uploads/temp.jpg" type="">
            Your browser does not support the audio element.
        </audio>
    </div>
</div>