<div class="mle-audio" id="test-audio">
    <div class="mle-audio-preview">
        <div class="mle-audio-info">
            <p>
                test.mp3
            </p>
        </div>
        <audio id="mle-audio-1" controls data-mle-audio>
            <source src="/media/1/test.mp3" type="audio/mpeg">
            Your browser does not support the audio element.
        </audio>
    </div>
</div>