<div
    id="test-media-modal-mmm"
    class="mlbrgn-mle-component theme-plain media-manager media-manager-multiple"
    data-media-manager=""
    data-use-xhr="true"
>
    <input type="hidden" class="media-manager-config" data-media-manager-config value='{"showDestroyButton":true,"showMediaEditButton":true,"showMenu":true,"showOrder":true,"showSetAsFirstButton":true,"showUploadForm":true,"showYouTubeUploadForm":true,"showUploadForms":true,"temporaryUploadMode":false,"uploadFieldName":"media_multiple","frontendTheme":"plain","useXhr":true,"csrfToken":null,"modelOrClassName":{"id":1,"title":"Test Model","created_at":null,"updated_at":null},"singleMedium":null,"collections":{"image":"blog-images","youtube":"blog-youtube","document":"blog-documents","video":"blog-videos","audio":"blog-audio"},"multiple":true,"disabled":false,"readonly":false,"selectable":false,"mediaUploadRoute":"http:\/\/localhost\/mlbrgn-mle\/media-manager-upload-multiple","previewUpdateRoute":"http:\/\/localhost\/mlbrgn-mle\/media-manager-preview-update","youtubeUploadRoute":"http:\/\/localhost\/mlbrgn-mle\/media-manager-upload-youtube","model":{"id":1,"title":"Test Model","created_at":null,"updated_at":null},"modelType":"Mlbrgn\\MediaLibraryExtensions\\Tests\\Models\\Blog","modelId":1,"options":{"frontendTheme":"plain","showSetAsFirstButton":true,"showOrder":true,"showDestroyButton":true,"useXhr":true,"showUploadForm":true,"allowedMimeTypes":"image\/jpeg, image\/png","showMediaEditButton":true,"uploadFieldName":"media_multiple"},"id":"test-media-modal-mmm","allowedMimeTypes":"image\/jpeg, image\/png"}'>

    

    <div class="media-manager-layout" data-media-manager-layout>

        <div class="media-manager-form ">




                            
                                    <div class="conditional-form media-manager-upload-form" data-xhr-form="data-xhr-form" id="test-media-modal-mmm-media-upload-form" data-xhr-method="post">
        <label for="test-media-modal-mmm-media-input" class="mle-label">Bestanden</label>
    <input
        id="test-media-modal-mmm-media-input"
        accept="image/jpeg, image/png"
        type="file"
        class="mle-input form-control"
                    name="media_multiple[]"
            multiple 
                        >
    <span class="mle-form-text">Supported file formats: JPEG, PNG.</span>
                        <input
                type="hidden"
                name="collections[image]"
                value="blog-images">
                                <input
                type="hidden"
                name="collections[youtube]"
                value="blog-youtube">
                                <input
                type="hidden"
                name="collections[document]"
                value="blog-documents">
                                <input
                type="hidden"
                name="collections[video]"
                value="blog-videos">
                                <input
                type="hidden"
                name="collections[audio]"
                value="blog-audio">
                <input
        type="hidden"
        name="single_medium_id"
        value="">
    <input 
        type="hidden" 
        name="temporary_upload_mode" 
        value="false">
    <input
        type="hidden"
        name="model_type"
        value="Mlbrgn\MediaLibraryExtensions\Tests\Models\Blog">
    <input
        type="hidden"
        name="model_id"
        value="1">
    <input
        type="hidden"
        name="initiator_id"
        value="test-media-modal-mmm">
    <input
        type="hidden"
        name="media_manager_id"
        value="test-media-modal-mmm">
    <button
        type="button"
        class="mle-button mle-button-submit mle-upload-button"
        data-action="upload-media"
            >
        Upload media
    </button>
    </div>
    <script>
            if (!document.getElementById('mlbrgn-css-plain')) {
                const link = document.createElement('link');
                link.id = 'mlbrgn-css-plain';
                link.rel = 'stylesheet';
                link.href = "http://localhost/vendor/mlbrgn/media-library-extensions/app-plain.css";
                document.head.appendChild(link);
                console.log('CSS dynamically loaded');
            }
        </script>

        
        <noscript>
            <link rel="stylesheet" href="http://localhost/vendor/mlbrgn/media-library-extensions/app-plain.css">
            <div style="color:red;">
                JavaScript is disabled. Some features may not work.
            </div>
        </noscript>
    


            <script type="module">
            if (!window.mlbrgnJsLoaded) {
                const script = document.createElement('script');
                script.type = 'module';
                script.src = "http://localhost/vendor/mlbrgn/media-library-extensions/app-plain.js";
                document.head.appendChild(script);
                window.mlbrgnJsLoaded = true;

                window.mediaLibraryTranslations = {"csrf_token_mismatch":"Your session has expired. Please refresh the page to login again.","unauthenticated":"Please log in to continue.","forbidden":"You\u2019re not allowed to perform this action.","not_found":"We couldn\u2019t find what you were looking for.","validation_failed":"Please check the form for errors.","too_many_requests":"You\u2019re sending requests too quickly. Try again in a moment.","server_error":"Something went wrong. Please try again later.","unknown_error":"Unknown error.","medium_replaced":"Medium replaced.","medium_replacement_failed":"Medium replacement failed."};

                console.log('Main JS dynamically loaded');
            }
        </script>
    

















    <script type="module">
        if (!window.mleFormSubmitterJs) {
            const script = document.createElement('script');
            script.type = 'module';
            script.src = "http://localhost/vendor/mlbrgn/media-library-extensions/form-submitter.js";
            document.head.appendChild(script);
            window.mleFormSubmitterJs = true;

            console.log('mleFormSubmitterJs');
        }
    </script>
























































































































































































































                
                                <div class="conditional-form media-manager-youtube-upload-form" data-xhr-form="data-xhr-form" id="test-media-modal-mmm-youtube-upload-form" data-xhr-method="post">
        <input 
        type="hidden" 
        name="temporary_upload_mode" 
        value="false">
    <input
        type="hidden"
        name="single_medium_id"
        value="">
                        <input
                type="hidden"
                name="collections[image]"
                value="blog-images">
                                <input
                type="hidden"
                name="collections[youtube]"
                value="blog-youtube">
                                <input
                type="hidden"
                name="collections[document]"
                value="blog-documents">
                                <input
                type="hidden"
                name="collections[video]"
                value="blog-videos">
                                <input
                type="hidden"
                name="collections[audio]"
                value="blog-audio">
                <input
        type="hidden"
        name="youtube_collection"

        value="blog-youtube">
    <input
        type="hidden"
        name="model_type"
        value="Mlbrgn\MediaLibraryExtensions\Tests\Models\Blog">
    <input
        type="hidden"
        name="model_id"
        value="1">
    <input
        type="hidden"
        name="initiator_id"
        value="test-media-modal-mmm">
    <input
        type="hidden"
        name="media_manager_id"
        value="test-media-modal-mmm">
    <input
        type="hidden"
        name="multiple"
        value="true">
    <label 
        for="test-media-modal-mmm-youtube-url" 
        class="mle-label">
        YouTube Video URL
    </label>
    <input
        id="test-media-modal-mmm-youtube-url"
        type="url" 
        name="youtube_url" 
        class="mle-input" 
        placeholder="https://www.youtube.com/watch?v=..."
            >
    <button
        type="button"
        class="mle-button mle-button-submit mle-upload-button"
        data-action="upload-youtube-medium"
            >
        Add YouTube-video
    </button>
    </div>
    <script type="module">
        if (!window.mleFormSubmitterJs) {
            const script = document.createElement('script');
            script.type = 'module';
            script.src = "http://localhost/vendor/mlbrgn/media-library-extensions/form-submitter.js";
            document.head.appendChild(script);
            window.mleFormSubmitterJs = true;

            console.log('mleFormSubmitterJs');
        }
    </script>
























































































































































































































                                        
        </div>


        <div class="media-manager-previews">
            <div class="status-area">
    <div class="mle-spinner-container" media-manager-id="test-media-modal-mmm" data-spinner-container>
    <div class="mle-spinner"></div>
    <span class="mle-spinner-text">Please wait.</span>
</div>
    <div 
    class="status-container mle-flex-grow visible" 
    data-status-container
    data-status-timeout="4000"
>
    <div class="mle-status-message"
        data-status-message 
        data-base-classes="mle-status-message"
        data-success-classes="mle-status-message-success"
        data-error-classes="mle-status-message-error"
    >
            </div>
    </div>
</div>
            <div class="media-manager-preview-grid" data-media-manager-preview-grid>
                <div class="mlbrgn-mle-component media-manager-preview-container media-manager-no-media" data-media-manager-preview-container>
        <span class="mle-no-media">No media.</span>
    </div>
<div
    class="mlbrgn-mle-component theme-plain media-modal modal fade"
    id="test-media-modal-mmm-mod"
    tabindex="-1"
    role="dialog"
            aria-labelledby="test-media-modal-mmm-mod-title"
        aria-hidden="true"
            data-autoplay=""
        data-modal
    data-media-modal
>
    <div class="media-modal-dialog modal-dialog">
        <div class="media-modal-content modal-content">
                            <h1 class="media-modal-title mle-visually-hidden" id="test-media-modal-mmm-mod-title">Media carousel</h1>
                        <div class="media-modal-body modal-body">
                <button
                    type="button"
                    class="media-modal-close-button modal-close-button"
                    data-modal-close
                    aria-label="Sluit"
                    title="Close">
                    <span 
        role="img" 
        aria-label="Close" 
        title="Close">❓</span>
                </button>
                <div id="test-media-modal-mmm-mod-crs"
     class="mlbrgn-mle-component theme-plain media-carousel media-carousel-empty media-carousel-plain mle-width-100 mle-height-100 mle-width-100 mle-height-100"
     data-carousel
     data-carousel-id="test-media-modal-mmm-mod-crs"
     tabindex="-1"
          data-carousel-effect="slide"
    >

    
    <div
        class="media-carousel-indicators carousel-indicators mle-display-none"
    >
            </div>

    
    <div class="media-carousel-inner">
                    <div class="media-carousel-item active">
                <div class="media-carousel-item-container">
                    <span class="mle-no-media">No media.</span>
                </div>
            </div>
            </div>

    
    <button 
        class="media-carousel-control-prev disabled"
        type="button"
        data-slide="prev">
        <span class="media-carousel-control-prev-icon" aria-hidden="true">
             <span 
        role="img" 
        aria-label="Previous" 
        title="Previous">❓</span>
        </span>
        <span class="mle-visually-hidden">Previous</span>
    </button>
    <button 
        class="media-carousel-control-next disabled"
        type="button"
        data-slide="next">
        <span class="media-carousel-control-next-icon" aria-hidden="true">
              <span 
        role="img" 
        aria-label="Next" 
        title="Next">❓</span>
        </span>
        <span class="mle-visually-hidden">Next</span>
    </button>
</div>

<script type="module">
        if (!window.mleCarouselJsLoaded) {
            const script = document.createElement('script');
            script.type = 'module';
            script.src = "http://localhost/vendor/mlbrgn/media-library-extensions/plain-media-carousel.js";
            document.head.appendChild(script);
            window.mleCarouselJsLoaded = true;

            console.log('mleCarouselJsLoaded');
        }
    </script>


















            <script type="module">
            document.addEventListener('DOMContentLoaded', function() {
                if (!window.YT) {
                    const tag = document.createElement('script');
                    tag.src = "https://www.youtube.com/iframe_api";
                    document.head.appendChild(tag);
                }

                if (!customElements.get('lite-youtube')) {
                    console.log('no lite-youtube, loading');
                    const script = document.createElement('script');
                    script.src = "http://localhost/vendor/mlbrgn/media-library-extensions/lite-youtube.js";
                    document.head.appendChild(script);
                } else {
                    console.log('lite-youtube already present');
                }
            });
        </script>
    




















































































































































































































            </div>
        </div>
    </div>
</div>
<script type="module">
        if (!window.mleMediaModalJs) {
            const script = document.createElement('script');
            script.type = 'module';
            script.src = "http://localhost/vendor/mlbrgn/media-library-extensions/plain-modal-media.js";
            document.head.appendChild(script);
            window.mleMediaModalJs = true;

            console.log('mleMediaModalJs');
        }
    </script>































































































































































































































            </div>
        </div>
    </div>

    

    </div>

