<div
    id="test-media-modal-mmm"
    class="mlbrgn-mle-component theme-bootstrap-5 media-manager media-manager-multiple container-fluid px-0" multiple="true"
    data-media-manager=""
    data-use-xhr="true"
    >
    <input type="hidden" class="media-manager-config" value='{"showDestroyButton":false,"showMediaEditButton":false,"showMenu":true,"showOrder":false,"showSetAsFirstButton":false,"showUploadForm":true,"temporaryUploadMode":true,"uploadFieldName":"media","frontendTheme":"bootstrap-5","useXhr":true,"csrfToken":null,"modelOrClassName":"Mlbrgn\\MediaLibraryExtensions\\Tests\\Models\\Blog","medium":null,"collections":{"image":"images","document":"","youtube":"","video":"","audio":""},"multiple":true,"disabled":false,"readonly":false,"selectable":false,"mediaUploadRoute":"http:\/\/localhost\/mlbrgn-mle\/media-manager-upload-multiple","previewUpdateRoute":"http:\/\/localhost\/mlbrgn-mle\/media-manager-preview-update","youtubeUploadRoute":"http:\/\/localhost\/mlbrgn-mle\/media-manager-upload-youtube","model":null,"modelType":"Mlbrgn\\MediaLibraryExtensions\\Tests\\Models\\Blog","modelId":null,"options":{"frontendTheme":"bootstrap-5","uploadFieldName":"media"}}'>
    
    <div class="media-manager-row row">
        <div class="media-manager-form col-12 col-md-4">
            
                        <div class="conditional-form media-manager-upload-form" data-xhr-form="data-xhr-form" id="test-media-modal-mmm-media-upload-form" data-xhr-method="post">
        <label for="test-media-modal-mmm-media-input" class="mle-label form-label">Bestanden</label>
    <input
        id="test-media-modal-mmm-media-input"
        accept="image/jpeg,image/png,image/gif,image/bmp,image/webp,image/heic,image/avif"
        type="file"
        class="mle-input form-control"
                    name="media[]"
            multiple
                        >
    <span class="mle-form-text form-text">Supported file formats: JPEG, PNG, GIF, BMP, WebP, HEIC, AVIF.</span>
                        <input
                type="hidden"
                name="collections[image]"
                value="images">
                                                            







    <input
        type="hidden"
        name="medium_id"
        value="">
    <input 
        type="hidden" 
        name="temporary_upload_mode" 
        value="true">
    <input
        type="hidden"
        name="model_type"
        value="Mlbrgn\MediaLibraryExtensions\Tests\Models\Blog">
    <input
        type="hidden"
        name="model_id"
        value="">
    <input
        type="hidden"
        name="initiator_id"
        value="test-media-modal-mmm">
    <input 
        type="hidden"
        name="media_manager_id"
        value="test-media-modal-mmm">
    <button
        type="button"
        class="mle-button mle-button-submit btn btn-primary d-block"
        data-action="upload-media"
            >
        Upload media
    </button>
    </div>
    <link rel="stylesheet" href="http://localhost/vendor/mlbrgn/media-library-extensions/app-bootstrap-5.css">

    
            <script type="module" src="http://localhost/vendor/mlbrgn/media-library-extensions/app-bootstrap-5.js"></script>
                <script>
            window.mediaLibraryTranslations = {"csrf_token_mismatch":"Your session has expired. Please refresh the page to login again.","unauthenticated":"Please log in to continue.","forbidden":"You\u2019re not allowed to perform this action.","not_found":"We couldn\u2019t find what you were looking for.","validation_failed":"Please check the form for errors.","too_many_requests":"You\u2019re sending requests too quickly. Try again in a moment.","server_error":"Something went wrong. Please try again later.","unknown_error":"Unknown error.","medium_replaced":"Medium replaced.","medium_replacement_failed":"Medium replacement failed."};
        </script>
    

            <script type="module" src="http://localhost/vendor/mlbrgn/media-library-extensions/form-submitter.js"></script>
    



                                    
        </div>
        <div
            class="media-manager-previews col-12 col-md-8"
            >
            <div class="status-area">
    <div class="mle-spinner-container alert alert-info" media-manager-id="test-media-modal-mmm" data-spinner-container>
    <div class="mle-spinner"></div>
    <span class="mle-spinner-text">Please wait.</span>
</div>
    <div 
    class="status-container mle-flex-grow visible" 
    data-status-container 
    data-status-timeout="4000"
>
    
    <div class="mle-status-message alert alert-dismissible"
        data-status-message
        data-base-classes="mle-status-message alert alert-dismissible visible"
        data-success-classes="alert-success"
        data-error-classes="alert-danger"
    >
            </div>
    </div>
</div>            <div class="media-manager-preview-grid">
                <div class="mlbrgn-mle-component media-manager-preview-media-container media-manager-no-media">
        <span class="mle-no-media">No media.</span>
    </div>
<div
    class="mlbrgn-mle-component theme-bootstrap-5 media-modal modal fade"
    id="test-media-modal-mmm-mod"
    tabindex="-1"
    role="dialog"
            aria-labelledby="test-media-modal-mmm-mod-title"
        aria-hidden="true"
            data-autoplay=""
    >
    <div class="media-modal-dialog modal-dialog">
        <div class="media-modal-content modal-content justify-content-center">
                            <h1 class="media-modal-title visually-hidden" id="test-media-modal-mmm-mod-title">Media carousel</h1>
                        <div class="media-modal-body modal-body p-0">
                <button
                    type="button"
                    data-modal-close
                    class="media-modal-close-button modal-close-button"
                    data-bs-dismiss="modal"
                    aria-label="Sluit"
                    title="Close">
                    <span 
        role="img" 
        aria-label="Close" 
        title="Close">‚ùì</span>
                </button>
               
                
                <div id="test-media-modal-mmm-mod-crs"
     class="mlbrgn-mle-component theme-bootstrap-5 media-carousel media-carousel-empty carousel slide mle-width-100 mle-height-100 mle-width-100 mle-height-100"
    >
    
    <div 
        class="media-carousel-indicators carousel-indicators mle-display-none"
    >
            </div>

    
    <div class="media-carousel-inner carousel-inner">
                    <div class="media-carousel-item active">
                <div class="media-carousel-item-container">
                    <span class="mle-no-media">No media.</span>
                </div>
            </div>
            </div>

    
    <button
        class="media-carousel-control-prev carousel-control-prev disabled"
        type="button" 
        data-bs-target="#test-media-modal-mmm-mod-crs" 
        data-bs-slide="prev" 
        title="Previous">
        <span class="carousel-control-prev-icon" aria-hidden="true">
              <span 
        role="img" 
        aria-label="Previous" 
        title="Previous">‚ùì</span>
        </span>
        <span class="visually-hidden">Previous</span>
    </button>
    <button
        class="media-carousel-control-next carousel-control-next disabled"
        type="button" 
        data-bs-target="#test-media-modal-mmm-mod-crs" 
        data-bs-slide="next" 
        title="Next">
        <span class="carousel-control-next-icon" aria-hidden="true">
               <span 
        role="img" 
        aria-label="Next" 
        title="Next">‚ùì</span>
        </span>
        <span class="visually-hidden">Next</span>
    </button>
</div>
<script type="module">
            // Loading the "lite-YouTube" extension caused issues with the host app,
            // now waiting for dom to be loaded and only
            // loading YT iframe api and "lite-YouTube" when not loaded
            // already (by host app)
            document.addEventListener('DOMContentLoaded', function() {
                if (!window.YT) {
                    const tag = document.createElement('script');
                    tag.src = "https://www.youtube.com/iframe_api";
                    document.head.appendChild(tag);
                }

                if (!customElements.get('lite-youtube')) {
                    console.log('no lite-youtube, loading');
                    const script = document.createElement('script');
                    script.src = "http://localhost/vendor/mlbrgn/media-library-extensions/lite-youtube.js";
                    document.head.appendChild(script);
                } else {
                    console.log('lite-youtube already present');
                }
            })
        </script>
    

            </div>
        </div>
    </div>
</div>

            </div>
        </div>
    </div>
    

    <script>
        document.addEventListener('DOMContentLoaded', function () {
            document.querySelectorAll('.mle-debug-wrapper').forEach(function (wrapper) {
                const toggleBtn = wrapper.querySelector('.mle-debug-toggle');
                const debugSection = wrapper.querySelector('.mle-debug');

                if (toggleBtn && debugSection) {
                    toggleBtn.addEventListener('click', function () {
                        const isExpanded = toggleBtn.getAttribute('aria-expanded') === 'true';
                        toggleBtn.setAttribute('aria-expanded', String(!isExpanded));
                        debugSection.classList.toggle('hidden');
                        toggleBtn.textContent = isExpanded
                            ? 'üêû Show Debug Info'
                            : 'üêû Hide Debug Info';
                    });
                }
            });
        });
    </script>
</div>
