<div
    class="mlbrgn-mle-component theme-plain media-modal modal fade"
    id="test-media-modal-mod"
    tabindex="-1"
    role="dialog"
            aria-labelledby="test-media-modal-mod-title"
        aria-hidden="true"
            data-autoplay=""
        data-modal
    data-media-modal
>
    <div class="media-modal-dialog modal-dialog">
        <div class="media-modal-content modal-content">
                            <h1 class="media-modal-title mle-visually-hidden" id="test-media-modal-mod-title">test</h1>
                        <div class="media-modal-body modal-body">
                <button
                    type="button"
                    class="media-modal-close-button modal-close-button"
                    data-modal-close
                    aria-label="Sluit"
                    title="Close">
                    <span 
        role="img" 
        aria-label="Close" 
        title="Close">❓</span>
                </button>
                <div id="test-media-modal-mod-crs"
     class="mlbrgn-mle-component theme-plain media-carousel media-carousel-plain mle-width-100 mle-height-100 mle-width-100 mle-height-100"
     data-carousel
     data-carousel-id="test-media-modal-mod-crs"
     tabindex="-1"
          data-carousel-effect="slide"
    >

    
    <div
        class="media-carousel-indicators carousel-indicators"
    >
                    <button
                type="button"
                data-slide-to="0"
                class="active"
                 
                    aria-current="true" 
                                aria-label="Slide to 1">
            </button>
                    <button
                type="button"
                data-slide-to="1"
                class=""
                                aria-label="Slide to 2">
            </button>
                    <button
                type="button"
                data-slide-to="2"
                class=""
                                aria-label="Slide to 3">
            </button>
                    <button
                type="button"
                data-slide-to="3"
                class=""
                                aria-label="Slide to 4">
            </button>
                    <button
                type="button"
                data-slide-to="4"
                class=""
                                aria-label="Slide to 5">
            </button>
            </div>

    
    <div class="media-carousel-inner">
                    <div

                class="media-carousel-item active">
                <div class="media-carousel-item-container"
                                     >
                                            <img
        class="mle-image-responsive" draggable="false"
        src="/media/1/test.jpg?v=1761902435"
                        alt="test"
         loading="lazy"         data-mle-image
    >
                                    </div>
            </div>
                    <div

                class="media-carousel-item">
                <div class="media-carousel-item-container"
                                     >
                                            <img
        class="mle-image-responsive" draggable="false"
        src="/media/2/test2.jpg?v=1761902435"
                        alt="test2"
         loading="lazy"         data-mle-image
    >
                                    </div>
            </div>
                    <div

                class="media-carousel-item">
                <div class="media-carousel-item-container"
                                     >
                                            <div class="mle-document mle-document mle-cursor-zoom-in" mle-document>
    <div class="mle-document-preview">
        <span 
        role="img" 
        aria-label="PDF document." 
        title="PDF document.">❓</span>
        <div class="mle-document-info">
            <p>
                test.pdf
            </p>
            <p>
                1 KB
            </p>

            
                            <a href="/media/3/test.pdf" target="_blank" class="mle-document-link" data-mle-document-link>
                    <span 
        role="img" 
        aria-label="PDF document." 
        title="PDF document.">❓</span>
                    Download document
                </a>
            
                                                </div>
    </div>
</div>
                                    </div>
            </div>
                    <div

                class="media-carousel-item">
                <div class="media-carousel-item-container"
                                     >
                                            <div

                            data-modal-trigger="#test-media-modal-mod-crs-mod"
                            class="media-preview-item-container"
                        >
                            <div class="mle-video">
    <div class="mle-video-preview">
        <div class="mle-video-info">
            <p>
                test.mp4
            </p>
        </div>
        <video id="mle-video-5" controls preload="metadata" data-mle-video>
            <source src="/media/5/test.mp4" type="video/mp4">
            media-library-extensions::messages.your_browser_does_not_support_the_video_element
        </video>
    </div>
</div>
                        </div>
                                    </div>
            </div>
                    <div

                class="media-carousel-item">
                <div class="media-carousel-item-container"
                                     >
                                            <div

                            data-modal-trigger="#test-media-modal-mod-crs-mod"
                            class="media-preview-item-container"
                        >
                            <div class="mle-audio">
    <div class="mle-audio-preview">
        <div class="mle-audio-info">
            <p>
                test.mp3
            </p>
        </div>
        <audio id="mle-audio-4" controls data-mle-audio>
            <source src="/media/4/test.mp3" type="audio/mpeg">
            Your browser does not support the audio element.
        </audio>
    </div>
</div>                        </div>
                                    </div>
            </div>
            </div>

    
    <button 
        class="media-carousel-control-prev"
        type="button"
        data-slide="prev">
        <span class="media-carousel-control-prev-icon" aria-hidden="true">
             <span 
        role="img" 
        aria-label="Previous" 
        title="Previous">❓</span>
        </span>
        <span class="mle-visually-hidden">Previous</span>
    </button>
    <button 
        class="media-carousel-control-next"
        type="button"
        data-slide="next">
        <span class="media-carousel-control-next-icon" aria-hidden="true">
              <span 
        role="img" 
        aria-label="Next" 
        title="Next">❓</span>
        </span>
        <span class="mle-visually-hidden">Next</span>
    </button>
</div>

<script>
            if (!document.getElementById('mlbrgn-css-plain')) {
                const link = document.createElement('link');
                link.id = 'mlbrgn-css-plain';
                link.rel = 'stylesheet';
                link.href = "http://localhost/vendor/mlbrgn/media-library-extensions/app-plain.css";
                document.head.appendChild(link);
                console.log('CSS dynamically loaded');
            }
        </script>


        <noscript>
            <link rel="stylesheet" href="http://localhost/vendor/mlbrgn/media-library-extensions/app-plain.css">
            <div style="color:red;">
                JavaScript is disabled. Some features may not work.
            </div>
        </noscript>
    


            <script type="module">
            if (!window.mlbrgnJsLoaded) {
                const script = document.createElement('script');
                script.type = 'module';
                script.src = "http://localhost/vendor/mlbrgn/media-library-extensions/app-plain.js";
                document.head.appendChild(script);
                window.mlbrgnJsLoaded = true;

                window.mediaLibraryTranslations = {"csrf_token_mismatch":"Your session has expired. Please refresh the page to login again.","unauthenticated":"Please log in to continue.","forbidden":"You\u2019re not allowed to perform this action.","not_found":"We couldn\u2019t find what you were looking for.","validation_failed":"Please check the form for errors.","too_many_requests":"You\u2019re sending requests too quickly. Try again in a moment.","server_error":"Something went wrong. Please try again later.","unknown_error":"Unknown error.","medium_replaced":"Medium replaced.","medium_replacement_failed":"Medium replacement failed.","upload_failed":"Upload failed."};

                console.log('Main JS dynamically loaded');
            }
        </script>
    


    <script type="module">
        if (!window.mleCarouselJsLoaded) {
            const script = document.createElement('script');
            script.type = 'module';
            script.src = "http://localhost/vendor/mlbrgn/media-library-extensions/plain-media-carousel.js";
            document.head.appendChild(script);
            window.mleCarouselJsLoaded = true;

            console.log('mleCarouselJsLoaded');
        }
    </script>


















            <script type="module">
            document.addEventListener('DOMContentLoaded', function() {
                if (!window.YT) {
                    const tag = document.createElement('script');
                    tag.src = "https://www.youtube.com/iframe_api";
                    document.head.appendChild(tag);
                }

                if (!customElements.get('lite-youtube')) {
                    console.log('no lite-youtube, loading');
                    const script = document.createElement('script');
                    script.src = "http://localhost/vendor/mlbrgn/media-library-extensions/lite-youtube.js";
                    document.head.appendChild(script);
                } else {
                    console.log('lite-youtube already present');
                }
            });
        </script>
    

            </div>
        </div>
    </div>
</div>
<script type="module">
        if (!window.mleMediaModalJs) {
            const script = document.createElement('script');
            script.type = 'module';
            script.src = "http://localhost/vendor/mlbrgn/media-library-extensions/plain-modal-media.js";
            document.head.appendChild(script);
            window.mleMediaModalJs = true;

            console.log('mleMediaModalJs');
        }
    </script>












